\REPOSITORY
|   apache-ant-1.8.1-bin.tar.bz2
|   apache-maven-3.0.3-bin.tar.gz
|   apache-tomcat-6.0.29.tar.gz
|   apacheds-1.5.5.tar.gz
|   jdk-6u25-linux-i586.bin
|   jdk-6u25-windows-i586.exe
|   jenkins-1.408.war
|   jruby-bin-1.6.1.tar.gz
|   mysql-5.1.48-linux-i686-glibc23.tar.gz
|   mysql-noinstall-5.1.48-win32.zip
|   nexus-webapp-1.9.1.war
|   OpenDS-2.2.1.zip
|   redmine-1.1.2.tar.gz
|   sonar-2.7.zip
|   
+---ant-libs
|       ant-contrib-1.0b3-bin.zip
|       
+---java-libs
|       mysql-connector-java-5.1.6.jar
|       
+---jenkins-plugins
|       cvs.hpi
|       polarion.hpi
|       redmine.hpi
|       sonar.hpi
|       violations.hpi
|       
+---mysql_client-5.0
|       libmySQL.dll
|       
+---redmine-plugins
|       redmine_hudson-1.0.6.1.zip
|       SphereConsultingInc-easy_agile-v1.0.5-0-g279aa5f.zip
|       
+---ruby-gems
|       actionmailer-2.3.5.gem
|       actionpack-2.3.5.gem
|       activerecord-2.3.5.gem
|       activerecord-jdbc-adapter-0.9.7-java.gem
|       activeresource-2.3.5.gem
|       activesupport-2.3.5.gem
|       bouncy-castle-java-1.5.0146.1.gem
|       i18n-0.4.2.gem
|       jruby-jars-1.5.1.gem
|       jruby-openssl-0.7.4.gem
|       jruby-rack-1.0.1.gem
|       net-ldap-0.2.2.gem
|       rack-1.0.1.gem
|       rails-2.3.5.gem
|       rubyzip-0.9.4.gem
|       warbler-1.1.0.gem
|       
\---sonar-plugins
        sonar-ldap-plugin-1.0.jar
        
